quick timing phase observation contract passed
TAP version 13
# Subtest: 主行动后根目录保留真实转动窗口与指定公共牌，不放行普通准备
not ok 1 - 主行动后根目录保留真实转动窗口与指定公共牌，不放行普通准备
  ---
  duration_ms: 0.898208
  type: 'test'
  location: '/private/tmp/seti-quick-timing-20260911.3uuamI/randomizer/game/ai/quick-timing-contract.test.js:128:1'
  failureType: 'testCodeFailure'
  error: |-
    当前放数据只是后续研究/收入准备，不属于主行动后的机会窗口

    true !== false

  code: 'ERR_ASSERTION'
  name: 'AssertionError'
  expected: false
  actual: true
  operator: 'strictEqual'
  stack: |-
    TestContext.<anonymous> (/private/tmp/seti-quick-timing-20260911.3uuamI/randomizer/game/ai/quick-timing-contract.test.js:138:10)
    Test.runInAsyncScope (node:async_hooks:214:14)
    Test.run (node:internal/test_runner/test:1047:25)
    Test.start (node:internal/test_runner/test:944:17)
    startSubtestAfterBootstrap (node:internal/test_runner/harness:296:17)
    process.processTicksAndRejections (node:internal/process/task_queues:105:5)
  ...
# Subtest: 主行动后已绑定的普通准备延至下一turn，保留原目标
not ok 2 - 主行动后已绑定的普通准备延至下一turn，保留原目标
  ---
  duration_ms: 1.036791
  type: 'test'
  location: '/private/tmp/seti-quick-timing-20260911.3uuamI/randomizer/game/ai/quick-timing-contract.test.js:142:1'
  failureType: 'testCodeFailure'
  error: |-
    绑定收入目标不能让可延后的放数据立即执行，也不能直接变成无后继
    + actual - expected

      [
    +   'place_data'
    -   'end_turn'
      ]

  code: 'ERR_ASSERTION'
  name: 'AssertionError'
  expected:
    0: 'end_turn'
  actual:
    0: 'place_data'
  operator: 'deepStrictEqual'
  stack: |-
    TestContext.<anonymous> (/private/tmp/seti-quick-timing-20260911.3uuamI/randomizer/game/ai/quick-timing-contract.test.js:148:10)
    Test.runInAsyncScope (node:async_hooks:214:14)
    Test.run (node:internal/test_runner/test:1047:25)
    Test.processPendingSubtests (node:internal/test_runner/test:744:18)
    Test.postRun (node:internal/test_runner/test:1173:19)
    Test.run (node:internal/test_runner/test:1101:12)
    process.processTicksAndRejections (node:internal/process/task_queues:105:5)
    async startSubtestAfterBootstrap (node:internal/test_runner/harness:296:3)
  ...
# Subtest: 目标完成后的未绑定后继不能重新引入主行动后普通准备
not ok 3 - 目标完成后的未绑定后继不能重新引入主行动后普通准备
  ---
  duration_ms: 0.894791
  type: 'test'
  location: '/private/tmp/seti-quick-timing-20260911.3uuamI/randomizer/game/ai/quick-timing-contract.test.js:154:1'
  failureType: 'testCodeFailure'
  error: |-
    Expected values to be strictly equal:

    true !== false

  code: 'ERR_ASSERTION'
  name: 'AssertionError'
  expected: false
  actual: true
  operator: 'strictEqual'
  stack: |-
    TestContext.<anonymous> (/private/tmp/seti-quick-timing-20260911.3uuamI/randomizer/game/ai/quick-timing-contract.test.js:159:10)
    Test.runInAsyncScope (node:async_hooks:214:14)
    Test.run (node:internal/test_runner/test:1047:25)
    Test.processPendingSubtests (node:internal/test_runner/test:744:18)
    Test.postRun (node:internal/test_runner/test:1173:19)
    Test.run (node:internal/test_runner/test:1101:12)
    process.processTicksAndRejections (node:internal/process/task_queues:105:5)
    async Test.processPendingSubtests (node:internal/test_runner/test:744:7)
  ...
# Subtest: 计划身份和盘面依赖未变化也不能绕过主行动后时机判断
not ok 4 - 计划身份和盘面依赖未变化也不能绕过主行动后时机判断
  ---
  duration_ms: 0.329917
  type: 'test'
  location: '/private/tmp/seti-quick-timing-20260911.3uuamI/randomizer/game/ai/quick-timing-contract.test.js:163:1'
  failureType: 'testCodeFailure'
  error: |-
    可延后的旧计划步骤应重新决策，而非继续立即放数据

    true !== false

  code: 'ERR_ASSERTION'
  name: 'AssertionError'
  expected: false
  actual: true
  operator: 'strictEqual'
  stack: |-
    TestContext.<anonymous> (/private/tmp/seti-quick-timing-20260911.3uuamI/randomizer/game/ai/quick-timing-contract.test.js:166:10)
    Test.runInAsyncScope (node:async_hooks:214:14)
    Test.run (node:internal/test_runner/test:1047:25)
    Test.processPendingSubtests (node:internal/test_runner/test:744:18)
    Test.postRun (node:internal/test_runner/test:1173:19)
    Test.run (node:internal/test_runner/test:1101:12)
    process.processTicksAndRejections (node:internal/process/task_queues:105:5)
    async Test.processPendingSubtests (node:internal/test_runner/test:744:7)
  ...
1..4
# tests 4
# suites 0
# pass 0
# fail 4
# cancelled 0
# skipped 0
# todo 0
# duration_ms 7.255125
SUMMARY unit passed=0 failed=1 total=1 time=0.46s
SUMMARY fullFlow passed=0 failed=0 total=0 time=0.00s
OWNER architecture/policy-host tests=1
FAIL randomizer/game/ai/quick-timing-contract.test.js status=1 signal=none
