[resume] 从快速验证存档续跑（前 200 步不重跑）：seti-saves/seti-save-research-resource-realization-r2b-20260905-c1b7bd49-quick-200-v103.json
[resume] 存档加载完成，当前：R2 步 200
[full进度] 第 2 轮 · 第 10 回合 · 决策#201/4000 · 席位=player-brown · 动作=choose_payment:638816f7 · 蓝色玩家=14 绿色玩家=37 棕色玩家=32 白色玩家=20 · 用时=0.109s · 1844.0步/s
[full进度] 第 2 轮 · 第 10 回合 · 决策#216/4000 · 席位=player-brown · 动作=choose_payment:638816f7 · 蓝色玩家=14 绿色玩家=37 棕色玩家=32 白色玩家=20 · 用时=1.15s · 187.8步/s
[full进度] 第 2 轮 · 第 10 回合 · 决策#226/4000 · 席位=player-brown · 动作=choose_payment:638816f7 · 蓝色玩家=14 绿色玩家=37 棕色玩家=32 白色玩家=20 · 用时=2.214s · 102.1步/s
[full进度] 第 2 轮 · 第 10 回合 · 决策#234/4000 · 席位=player-brown · 动作=choose_payment:638816f7 · 蓝色玩家=14 绿色玩家=37 棕色玩家=32 白色玩家=20 · 用时=3.29s · 71.1步/s
[full进度] 第 2 轮 · 第 10 回合 · 决策#241/4000 · 席位=player-brown · 动作=choose_payment:638816f7 · 蓝色玩家=14 绿色玩家=37 棕色玩家=32 白色玩家=20 · 用时=4.404s · 54.7步/s
[full进度] 第 2 轮 · 第 10 回合 · 决策#247/4000 · 席位=player-brown · 动作=choose_payment:638816f7 · 蓝色玩家=14 绿色玩家=37 棕色玩家=32 白色玩家=20 · 用时=5.506s · 44.9步/s
[full进度] 第 2 轮 · 第 10 回合 · 决策#252/4000 · 席位=player-brown · 动作=choose_payment:638816f7 · 蓝色玩家=14 绿色玩家=37 棕色玩家=32 白色玩家=20 · 用时=6.516s · 38.7步/s
[full进度] 第 2 轮 · 第 10 回合 · 决策#257/4000 · 席位=player-brown · 动作=choose_payment:638816f7 · 蓝色玩家=14 绿色玩家=37 棕色玩家=32 白色玩家=20 · 用时=7.639s · 33.6步/s
[full进度] 第 2 轮 · 第 10 回合 · 决策#262/4000 · 席位=player-brown · 动作=choose_payment:638816f7 · 蓝色玩家=14 绿色玩家=37 棕色玩家=32 白色玩家=20 · 用时=8.831s · 29.7步/s
[full进度] 第 2 轮 · 第 10 回合 · 决策#266/4000 · 席位=player-brown · 动作=choose_payment:638816f7 · 蓝色玩家=14 绿色玩家=37 棕色玩家=32 白色玩家=20 · 用时=9.839s · 27.0步/s
[full进度] 第 2 轮 · 第 10 回合 · 决策#270/4000 · 席位=player-brown · 动作=choose_payment:638816f7 · 蓝色玩家=14 绿色玩家=37 棕色玩家=32 白色玩家=20 · 用时=10.933s · 24.7步/s
[full进度] 第 2 轮 · 第 10 回合 · 决策#274/4000 · 席位=player-brown · 动作=choose_payment:638816f7 · 蓝色玩家=14 绿色玩家=37 棕色玩家=32 白色玩家=20 · 用时=12.091s · 22.7步/s
[full进度] 第 2 轮 · 第 10 回合 · 决策#278/4000 · 席位=player-brown · 动作=choose_payment:638816f7 · 蓝色玩家=14 绿色玩家=37 棕色玩家=32 白色玩家=20 · 用时=13.321s · 20.9步/s
[full进度] 第 2 轮 · 第 10 回合 · 决策#282/4000 · 席位=player-brown · 动作=choose_payment:638816f7 · 蓝色玩家=14 绿色玩家=37 棕色玩家=32 白色玩家=20 · 用时=14.604s · 19.3步/s
[full进度] 第 2 轮 · 第 10 回合 · 决策#285/4000 · 席位=player-brown · 动作=choose_payment:638816f7 · 蓝色玩家=14 绿色玩家=37 棕色玩家=32 白色玩家=20 · 用时=15.617s · 18.2步/s
[full进度] 第 2 轮 · 第 10 回合 · 决策#288/4000 · 席位=player-brown · 动作=choose_payment:638816f7 · 蓝色玩家=14 绿色玩家=37 棕色玩家=32 白色玩家=20 · 用时=16.665s · 17.3步/s
[full进度] 第 2 轮 · 第 10 回合 · 决策#291/4000 · 席位=player-brown · 动作=choose_payment:638816f7 · 蓝色玩家=14 绿色玩家=37 棕色玩家=32 白色玩家=20 · 用时=17.726s · 16.4步/s
[full进度] 第 2 轮 · 第 10 回合 · 决策#294/4000 · 席位=player-brown · 动作=choose_payment:638816f7 · 蓝色玩家=14 绿色玩家=37 棕色玩家=32 白色玩家=20 · 用时=18.83s · 15.6步/s
[full进度] 第 2 轮 · 第 10 回合 · 决策#297/4000 · 席位=player-brown · 动作=choose_payment:638816f7 · 蓝色玩家=14 绿色玩家=37 棕色玩家=32 白色玩家=20 · 用时=19.972s · 14.9步/s
[full进度] 第 2 轮 · 第 10 回合 · 决策#300/4000 · 席位=player-brown · 动作=choose_payment:638816f7 · 蓝色玩家=14 绿色玩家=37 棕色玩家=32 白色玩家=20 · 用时=21.129s · 14.2步/s
[full进度] 第 2 轮 · 第 10 回合 · 决策#303/4000 · 席位=player-brown · 动作=choose_payment:638816f7 · 蓝色玩家=14 绿色玩家=37 棕色玩家=32 白色玩家=20 · 用时=22.328s · 13.6步/s
[full进度] 第 2 轮 · 第 10 回合 · 决策#306/4000 · 席位=player-brown · 动作=choose_payment:638816f7 · 蓝色玩家=14 绿色玩家=37 棕色玩家=32 白色玩家=20 · 用时=23.562s · 13.0步/s
[full进度] 第 2 轮 · 第 10 回合 · 决策#309/4000 · 席位=player-brown · 动作=choose_payment:638816f7 · 蓝色玩家=14 绿色玩家=37 棕色玩家=32 白色玩家=20 · 用时=24.859s · 12.4步/s
[full进度] 第 2 轮 · 第 10 回合 · 决策#312/4000 · 席位=player-brown · 动作=choose_payment:638816f7 · 蓝色玩家=14 绿色玩家=37 棕色玩家=32 白色玩家=20 · 用时=26.201s · 11.9步/s
[full进度] 第 2 轮 · 第 10 回合 · 决策#315/4000 · 席位=player-brown · 动作=choose_payment:638816f7 · 蓝色玩家=14 绿色玩家=37 棕色玩家=32 白色玩家=20 · 用时=27.571s · 11.4步/s
[full进度] 第 2 轮 · 第 10 回合 · 决策#318/4000 · 席位=player-brown · 动作=choose_payment:638816f7 · 蓝色玩家=14 绿色玩家=37 棕色玩家=32 白色玩家=20 · 用时=28.956s · 11.0步/s
[full进度] 第 2 轮 · 第 10 回合 · 决策#321/4000 · 席位=player-brown · 动作=choose_payment:638816f7 · 蓝色玩家=14 绿色玩家=37 棕色玩家=32 白色玩家=20 · 用时=30.438s · 10.5步/s
[full进度] 第 2 轮 · 第 10 回合 · 决策#323/4000 · 席位=player-brown · 动作=choose_payment:638816f7 · 蓝色玩家=14 绿色玩家=37 棕色玩家=32 白色玩家=20 · 用时=31.457s · 10.3步/s
[full进度] 第 2 轮 · 第 10 回合 · 决策#326/4000 · 席位=player-brown · 动作=choose_payment:638816f7 · 蓝色玩家=14 绿色玩家=37 棕色玩家=32 白色玩家=20 · 用时=32.94s · 9.9步/s
[full进度] 第 2 轮 · 第 10 回合 · 决策#328/4000 · 席位=player-brown · 动作=choose_payment:638816f7 · 蓝色玩家=14 绿色玩家=37 棕色玩家=32 白色玩家=20 · 用时=33.947s · 9.7步/s
[full进度] 第 2 轮 · 第 10 回合 · 决策#330/4000 · 席位=player-brown · 动作=choose_payment:638816f7 · 蓝色玩家=14 绿色玩家=37 棕色玩家=32 白色玩家=20 · 用时=35s · 9.4步/s
[full进度] 第 2 轮 · 第 10 回合 · 决策#332/4000 · 席位=player-brown · 动作=choose_payment:638816f7 · 蓝色玩家=14 绿色玩家=37 棕色玩家=32 白色玩家=20 · 用时=36.045s · 9.2步/s
[full进度] 第 2 轮 · 第 10 回合 · 决策#334/4000 · 席位=player-brown · 动作=choose_payment:638816f7 · 蓝色玩家=14 绿色玩家=37 棕色玩家=32 白色玩家=20 · 用时=37.127s · 9.0步/s
[full进度] 第 2 轮 · 第 10 回合 · 决策#336/4000 · 席位=player-brown · 动作=choose_payment:638816f7 · 蓝色玩家=14 绿色玩家=37 棕色玩家=32 白色玩家=20 · 用时=38.21s · 8.8步/s
[full进度] 第 2 轮 · 第 10 回合 · 决策#338/4000 · 席位=player-brown · 动作=choose_payment:638816f7 · 蓝色玩家=14 绿色玩家=37 棕色玩家=32 白色玩家=20 · 用时=39.315s · 8.6步/s
[full进度] 第 2 轮 · 第 10 回合 · 决策#340/4000 · 席位=player-brown · 动作=choose_payment:638816f7 · 蓝色玩家=14 绿色玩家=37 棕色玩家=32 白色玩家=20 · 用时=40.458s · 8.4步/s
[full进度] 第 2 轮 · 第 10 回合 · 决策#342/4000 · 席位=player-brown · 动作=choose_payment:638816f7 · 蓝色玩家=14 绿色玩家=37 棕色玩家=32 白色玩家=20 · 用时=41.615s · 8.2步/s
[full进度] 第 2 轮 · 第 10 回合 · 决策#344/4000 · 席位=player-brown · 动作=choose_payment:638816f7 · 蓝色玩家=14 绿色玩家=37 棕色玩家=32 白色玩家=20 · 用时=42.765s · 8.0步/s
[full进度] 第 2 轮 · 第 10 回合 · 决策#346/4000 · 席位=player-brown · 动作=choose_payment:638816f7 · 蓝色玩家=14 绿色玩家=37 棕色玩家=32 白色玩家=20 · 用时=43.929s · 7.9步/s
[full进度] 第 2 轮 · 第 10 回合 · 决策#348/4000 · 席位=player-brown · 动作=choose_payment:638816f7 · 蓝色玩家=14 绿色玩家=37 棕色玩家=32 白色玩家=20 · 用时=45.113s · 7.7步/s
[full进度] 第 2 轮 · 第 10 回合 · 决策#350/4000 · 席位=player-brown · 动作=choose_payment:638816f7 · 蓝色玩家=14 绿色玩家=37 棕色玩家=32 白色玩家=20 · 用时=46.342s · 7.6步/s
[full进度] 第 2 轮 · 第 10 回合 · 决策#352/4000 · 席位=player-brown · 动作=choose_payment:638816f7 · 蓝色玩家=14 绿色玩家=37 棕色玩家=32 白色玩家=20 · 用时=47.609s · 7.4步/s
[full进度] 第 2 轮 · 第 10 回合 · 决策#354/4000 · 席位=player-brown · 动作=choose_payment:638816f7 · 蓝色玩家=14 绿色玩家=37 棕色玩家=32 白色玩家=20 · 用时=48.849s · 7.2步/s
[full进度] 第 2 轮 · 第 10 回合 · 决策#356/4000 · 席位=player-brown · 动作=choose_payment:638816f7 · 蓝色玩家=14 绿色玩家=37 棕色玩家=32 白色玩家=20 · 用时=50.113s · 7.1步/s
[full进度] 第 2 轮 · 第 10 回合 · 决策#358/4000 · 席位=player-brown · 动作=choose_payment:638816f7 · 蓝色玩家=14 绿色玩家=37 棕色玩家=32 白色玩家=20 · 用时=51.382s · 7.0步/s
[full进度] 第 2 轮 · 第 10 回合 · 决策#360/4000 · 席位=player-brown · 动作=choose_payment:638816f7 · 蓝色玩家=14 绿色玩家=37 棕色玩家=32 白色玩家=20 · 用时=52.666s · 6.8步/s
[full进度] 第 2 轮 · 第 10 回合 · 决策#362/4000 · 席位=player-brown · 动作=choose_payment:638816f7 · 蓝色玩家=14 绿色玩家=37 棕色玩家=32 白色玩家=20 · 用时=53.986s · 6.7步/s
[full进度] 第 2 轮 · 第 10 回合 · 决策#364/4000 · 席位=player-brown · 动作=choose_payment:638816f7 · 蓝色玩家=14 绿色玩家=37 棕色玩家=32 白色玩家=20 · 用时=55.317s · 6.6步/s
[full进度] 第 2 轮 · 第 10 回合 · 决策#366/4000 · 席位=player-brown · 动作=choose_payment:638816f7 · 蓝色玩家=14 绿色玩家=37 棕色玩家=32 白色玩家=20 · 用时=56.678s · 6.5步/s
[full进度] 第 2 轮 · 第 10 回合 · 决策#368/4000 · 席位=player-brown · 动作=choose_payment:638816f7 · 蓝色玩家=14 绿色玩家=37 棕色玩家=32 白色玩家=20 · 用时=58.107s · 6.3步/s
[full进度] 第 2 轮 · 第 10 回合 · 决策#370/4000 · 席位=player-brown · 动作=choose_payment:638816f7 · 蓝色玩家=14 绿色玩家=37 棕色玩家=32 白色玩家=20 · 用时=59.476s · 6.2步/s
[full进度] 第 2 轮 · 第 10 回合 · 决策#372/4000 · 席位=player-brown · 动作=choose_payment:638816f7 · 蓝色玩家=14 绿色玩家=37 棕色玩家=32 白色玩家=20 · 用时=1m0.9279999999999973s · 6.1步/s
[full进度] 第 2 轮 · 第 10 回合 · 决策#374/4000 · 席位=player-brown · 动作=choose_payment:638816f7 · 蓝色玩家=14 绿色玩家=37 棕色玩家=32 白色玩家=20 · 用时=1m2.368000000000002s · 6.0步/s
[full进度] 第 2 轮 · 第 10 回合 · 决策#376/4000 · 席位=player-brown · 动作=choose_payment:638816f7 · 蓝色玩家=14 绿色玩家=37 棕色玩家=32 白色玩家=20 · 用时=1m3.796999999999997s · 5.9步/s
[full进度] 第 2 轮 · 第 10 回合 · 决策#378/4000 · 席位=player-brown · 动作=choose_payment:638816f7 · 蓝色玩家=14 绿色玩家=37 棕色玩家=32 白色玩家=20 · 用时=1m5.272000000000006s · 5.8步/s
[full进度] 第 2 轮 · 第 10 回合 · 决策#380/4000 · 席位=player-brown · 动作=choose_payment:638816f7 · 蓝色玩家=14 绿色玩家=37 棕色玩家=32 白色玩家=20 · 用时=1m6.741s · 5.7步/s
[full进度] 第 2 轮 · 第 10 回合 · 决策#382/4000 · 席位=player-brown · 动作=choose_payment:638816f7 · 蓝色玩家=14 绿色玩家=37 棕色玩家=32 白色玩家=20 · 用时=1m8.251000000000005s · 5.6步/s
[full进度] 第 2 轮 · 第 10 回合 · 决策#384/4000 · 席位=player-brown · 动作=choose_payment:638816f7 · 蓝色玩家=14 绿色玩家=37 棕色玩家=32 白色玩家=20 · 用时=1m9.763000000000005s · 5.5步/s
[full进度] 第 2 轮 · 第 10 回合 · 决策#386/4000 · 席位=player-brown · 动作=choose_payment:638816f7 · 蓝色玩家=14 绿色玩家=37 棕色玩家=32 白色玩家=20 · 用时=1m11.293999999999997s · 5.4步/s
[full进度] 第 2 轮 · 第 10 回合 · 决策#388/4000 · 席位=player-brown · 动作=choose_payment:638816f7 · 蓝色玩家=14 绿色玩家=37 棕色玩家=32 白色玩家=20 · 用时=1m12.863s · 5.3步/s
[full进度] 第 2 轮 · 第 10 回合 · 决策#390/4000 · 席位=player-brown · 动作=choose_payment:638816f7 · 蓝色玩家=14 绿色玩家=37 棕色玩家=32 白色玩家=20 · 用时=1m14.432000000000002s · 5.2步/s
[full进度] 第 2 轮 · 第 10 回合 · 决策#392/4000 · 席位=player-brown · 动作=choose_payment:638816f7 · 蓝色玩家=14 绿色玩家=37 棕色玩家=32 白色玩家=20 · 用时=1m16.025999999999996s · 5.2步/s
[full进度] 第 2 轮 · 第 10 回合 · 决策#394/4000 · 席位=player-brown · 动作=choose_payment:638816f7 · 蓝色玩家=14 绿色玩家=37 棕色玩家=32 白色玩家=20 · 用时=1m17.611000000000004s · 5.1步/s
[full进度] 第 2 轮 · 第 10 回合 · 决策#396/4000 · 席位=player-brown · 动作=choose_payment:638816f7 · 蓝色玩家=14 绿色玩家=37 棕色玩家=32 白色玩家=20 · 用时=1m19.313000000000002s · 5.0步/s
[full进度] 第 2 轮 · 第 10 回合 · 决策#398/4000 · 席位=player-brown · 动作=choose_payment:638816f7 · 蓝色玩家=14 绿色玩家=37 棕色玩家=32 白色玩家=20 · 用时=1m20.950999999999993s · 4.9步/s
[full进度] 第 2 轮 · 第 10 回合 · 决策#400/4000 · 席位=player-brown · 动作=choose_payment:638816f7 · 蓝色玩家=14 绿色玩家=37 棕色玩家=32 白色玩家=20 · 用时=1m22.601s · 4.8步/s
[full进度] 第 2 轮 · 第 10 回合 · 决策#402/4000 · 席位=player-brown · 动作=choose_payment:638816f7 · 蓝色玩家=14 绿色玩家=37 棕色玩家=32 白色玩家=20 · 用时=1m24.290999999999997s · 4.8步/s
[full进度] 第 2 轮 · 第 10 回合 · 决策#404/4000 · 席位=player-brown · 动作=choose_payment:638816f7 · 蓝色玩家=14 绿色玩家=37 棕色玩家=32 白色玩家=20 · 用时=1m25.983999999999995s · 4.7步/s
[full进度] 第 2 轮 · 第 10 回合 · 决策#406/4000 · 席位=player-brown · 动作=choose_payment:638816f7 · 蓝色玩家=14 绿色玩家=37 棕色玩家=32 白色玩家=20 · 用时=1m27.703000000000003s · 4.6步/s
[full进度] 第 2 轮 · 第 10 回合 · 决策#408/4000 · 席位=player-brown · 动作=choose_payment:638816f7 · 蓝色玩家=14 绿色玩家=37 棕色玩家=32 白色玩家=20 · 用时=1m29.453999999999994s · 4.6步/s
[full进度] 第 2 轮 · 第 10 回合 · 决策#410/4000 · 席位=player-brown · 动作=choose_payment:638816f7 · 蓝色玩家=14 绿色玩家=37 棕色玩家=32 白色玩家=20 · 用时=1m31.284999999999997s · 4.5步/s
[full进度] 第 2 轮 · 第 10 回合 · 决策#412/4000 · 席位=player-brown · 动作=choose_payment:638816f7 · 蓝色玩家=14 绿色玩家=37 棕色玩家=32 白色玩家=20 · 用时=1m33.07299999999999s · 4.4步/s
[full进度] 第 2 轮 · 第 10 回合 · 决策#414/4000 · 席位=player-brown · 动作=choose_payment:638816f7 · 蓝色玩家=14 绿色玩家=37 棕色玩家=32 白色玩家=20 · 用时=1m34.870999999999995s · 4.4步/s
[full进度] 第 2 轮 · 第 10 回合 · 决策#416/4000 · 席位=player-brown · 动作=choose_payment:638816f7 · 蓝色玩家=14 绿色玩家=37 棕色玩家=32 白色玩家=20 · 用时=1m36.68300000000001s · 4.3步/s
[full进度] 第 2 轮 · 第 10 回合 · 决策#418/4000 · 席位=player-brown · 动作=choose_payment:638816f7 · 蓝色玩家=14 绿色玩家=37 棕色玩家=32 白色玩家=20 · 用时=1m38.525000000000006s · 4.2步/s
[full进度] 第 2 轮 · 第 10 回合 · 决策#420/4000 · 席位=player-brown · 动作=choose_payment:638816f7 · 蓝色玩家=14 绿色玩家=37 棕色玩家=32 白色玩家=20 · 用时=1m40.406000000000006s · 4.2步/s

[失败] run_research_validation 退出码 null
